// Vitest Snapshot v1, https://vitest.dev/guide/snapshot.html

exports[`Content Header > should match the snapshot 1`] = `
<div>
  <header
    class="sc-jsMahE eoEzBB"
  >
    <h1
      class="sc-irTswW dcqkfB card-title"
      data-class="card-title"
      font-size="1.25rem"
    >
      title
    </h1>
    <h2
      class="sc-kFuwaP mspEh card-sub-title card-subtitle"
      font-size="0.85rem"
    >
      content
    </h2>
  </header>
</div>
`;
