// Jest Snapshot v1, https://goo.gl/fbAQLP

exports[`Test Timeline Item Content Snapshot 1`] = `
<p
  class="card-sub-title css-4qf4pr"
>
  This is a test
</p>
`;
