// Jest Snapshot v1, https://goo.gl/fbAQLP

exports[`Check Timeline Item Title Snapshot 1`] = `
<div
  class="sc-bdnylx dzAmsA active"
  title="Test"
>
  Test
</div>
`;
