// Jest Snapshot v1, https://goo.gl/fbAQLP

exports[`Test Timeline Item Content Snapshot 1`] = `
<span
  class="sc-gtssRu bcPOLu"
>
  This is a test
</span>
`;
