// Jest Snapshot v1, https://goo.gl/fbAQLP

exports[`Test tree branch render 1`] = `
<div
  class="test-class  vertical-item-row css-1uu8hqk"
  data-testid="vertical-item-row"
>
  <div
    class="test-class css-1sgx6fg"
  >
    <div
      class="active css-cv0sm8"
      title="branch title"
    >
      branch title
    </div>
  </div>
  <div
    class="test-class  css-1yrljia"
  >
    <div
      class="active css-1c1cjoa"
    >
      <span
        class="css-c1e5f8"
      >
        Tree branch test
      </span>
      <div
        class="show-less css-or8e72"
      />
      <span
        class="show-more css-fb75q5"
        role="button"
      >
        show more
      </span>
    </div>
  </div>
  <div
    class="test-class css-ey985k"
    data-testid="tree-leaf"
  >
    <div
      class="test-class css-kooiip"
      data-testid="tree-leaf-click"
    >
      <div
        class="active css-1yzc5y5"
      />
    </div>
  </div>
</div>
`;
