// Jest Snapshot v1, https://goo.gl/fbAQLP

exports[`Test Tree render 1`] = `
<div
  class="css-13ikcni"
  data-testid="tree-main"
  role="list"
>
  <div
    class="left  vertical-item-row css-43ivcr"
    data-testid="vertical-item-row"
    role="listitem"
  >
    <div
      class="left css-1uwvots"
    >
      <div
        class="timeline-item-title css-am6i6v"
      >
        June 28, 1914 June 28, 1914 June 28, 1914June 28, 1914
      </div>
    </div>
    <div
      class="left card-content-wrapper  css-1qaldoj"
    >
      <section
        class="timeline-card-content  css-1yluw9g"
        tabindex="0"
      >
        <header
          class="css-1ago99h"
        >
          <p
            class="card-sub-title css-1pdes2h"
          >
            Archduke Franz Ferdinand of Austria and his wife, Sophie, are assassinated by a Bosnian Serb nationalist in Sarajevo.
          </p>
        </header>
        <div
          aria-expanded="false"
          class="show-less card-description css-uerp6t"
        >
          <p
            class=" css-1jsxpv8"
          />
        </div>
      </section>
    </div>
    <div
      class="left css-vn8ri6"
      data-testid="tree-leaf"
      role="button"
    >
      <div
        aria-label="select timeline"
        class="left timeline-vertical-circle css-kooiip"
        data-testid="tree-leaf-click"
        role="button"
      >
        <div
          class="in-active css-gp0zpt"
        />
      </div>
    </div>
  </div>
  <div
    class="right  vertical-item-row css-43ivcr"
    data-testid="vertical-item-row"
    role="listitem"
  >
    <div
      class="right css-1uwvots"
    >
      <div
        class="timeline-item-title css-am6i6v"
      >
        July 28, 1914
      </div>
    </div>
    <div
      class="right card-content-wrapper  css-1qaldoj"
    >
      <section
        class="timeline-card-content  css-1yluw9g"
        tabindex="0"
      >
        <header
          class="css-1ago99h"
        >
          <p
            class="card-sub-title css-1pdes2h"
          >
            World War I begins when Austria-Hungary declares war on Serbia.
          </p>
        </header>
        <div
          aria-expanded="false"
          class="show-less card-description css-uerp6t"
        >
          <p
            class=" css-1jsxpv8"
          />
        </div>
      </section>
    </div>
    <div
      class="right css-vn8ri6"
      data-testid="tree-leaf"
      role="button"
    >
      <div
        aria-label="select timeline"
        class="right timeline-vertical-circle css-kooiip"
        data-testid="tree-leaf-click"
        role="button"
      >
        <div
          class="in-active css-gp0zpt"
        />
      </div>
    </div>
  </div>
  <div
    class="left  vertical-item-row css-43ivcr"
    data-testid="vertical-item-row"
    role="listitem"
  >
    <div
      class="left css-1uwvots"
    >
      <div
        class="timeline-item-title css-am6i6v"
      >
        August 1â€“28, 1914
      </div>
    </div>
    <div
      class="left card-content-wrapper  css-1qaldoj"
    >
      <section
        class="timeline-card-content  css-1yluw9g"
        tabindex="0"
      >
        <header
          class="css-1ago99h"
        >
          <p
            class="card-sub-title css-1pdes2h"
          >
            Germany declares war on Russia, France, and Belgium. Britain declares war on Germany.
    Austria declares war on Russia. Montenegro declares war on Austria. France declares war on Austria.
    Britain declares war on Austria. Montenegro declares war on Germany. Japan declares war on Germany. Austria declares war on Belgium.
          </p>
        </header>
        <div
          aria-expanded="false"
          class="show-less card-description css-uerp6t"
        >
          <p
            class=" css-1jsxpv8"
          />
        </div>
      </section>
    </div>
    <div
      class="left css-vn8ri6"
      data-testid="tree-leaf"
      role="button"
    >
      <div
        aria-label="select timeline"
        class="left timeline-vertical-circle css-kooiip"
        data-testid="tree-leaf-click"
        role="button"
      >
        <div
          class="in-active css-gp0zpt"
        />
      </div>
    </div>
  </div>
  <div
    class="right  vertical-item-row css-43ivcr"
    data-testid="vertical-item-row"
    role="listitem"
  >
    <div
      class="right css-1uwvots"
    >
      <div
        class="timeline-item-title css-am6i6v"
      >
        September 6, 1914
      </div>
    </div>
    <div
      class="right card-content-wrapper  css-1qaldoj"
    >
      <section
        class="timeline-card-content  css-1yluw9g"
        tabindex="0"
      >
        <header
          class="css-1ago99h"
        >
          <p
            class="card-sub-title css-1pdes2h"
          >
            First Battle of the Marne begins. The Germans had advanced to within 30 miles of Paris, but over the next two days, the French are reinforced by 6,000 infantrymen who are transported to the front by hundreds of taxis.
      The Germans dig in north of the Aisne River, and the trench warfare that is to typify the Western Front for the next four years begins.
          </p>
        </header>
        <div
          aria-expanded="false"
          class="show-less card-description css-uerp6t"
        >
          <p
            class=" css-1jsxpv8"
          />
        </div>
      </section>
    </div>
    <div
      class="right css-vn8ri6"
      data-testid="tree-leaf"
      role="button"
    >
      <div
        aria-label="select timeline"
        class="right timeline-vertical-circle css-kooiip"
        data-testid="tree-leaf-click"
        role="button"
      >
        <div
          class="in-active css-gp0zpt"
        />
      </div>
    </div>
  </div>
</div>
`;
