// Vitest Snapshot v1, https://vitest.dev/guide/snapshot.html

exports[`Timeline vertical item > Should match snapshot 1`] = `
<div>
  <div
    class="sc-eAKupa ijNeIS  vertical-item-row"
    data-testid="vertical-item-row"
    role="listitem"
  >
    <div
      class="sc-kMzDYw lhznBV"
      mode="VERTICAL_ALTERNATING"
    >
      <div
        class="sc-hIPCAL cmlSFE timeline-item-title title"
        font-size="1.5rem"
      >
        vertical item title
      </div>
    </div>
    <div
      class="sc-bZHTEL cvrGOZ card-content-wrapper "
    >
      <section
        class="sc-fsYeqs hvRTGa timeline-card-content  card"
        mode="VERTICAL_ALTERNATING"
        tabindex="0"
      >
        <div
          class="sc-beySbM fGOdYO card-media-wrapper card-media"
          mode="VERTICAL_ALTERNATING"
        >
          <img
            class="sc-guDLRT enaNDy"
            loading="lazy"
            mode="VERTICAL_ALTERNATING"
            role="img"
            src="https://www.google.com/images/branding/googlelogo/2x/googlelogo_color_272x92dp.png"
          />
        </div>
        <div
          aria-expanded="false"
          class="sc-brSaZW hyzYar show-less card-description card-text"
        />
        <span
          class="sc-fHekdT eSMokx"
          dir=""
          offset="-8"
        />
      </section>
    </div>
    <div
      class="sc-lnskGP ehFZVb"
      data-testid="tree-leaf"
      role="button"
    >
      <div
        aria-label="select timeline"
        class="sc-iKOlBE jFWpOF  timeline-vertical-circle"
        data-testid="tree-leaf-click"
        role="button"
      >
        <div
          class="sc-bBkKQz ivivVp"
        />
      </div>
    </div>
  </div>
</div>
`;
